Archive member included to satisfy reference by file (symbol)

C:/Users/naray/OneDrive/Documents/STM32CubeIDE_1.15.1/STM32CubeIDE/plugins/com.st.stm32cube.ide.mcu.externaltools.gnu-tools-for-stm32.12.3.rel1.win32_1.0.100.202403111256/tools/bin/../lib/gcc/arm-none-eabi/12.3.1/../../../../arm-none-eabi/lib/thumb/v7e-m+fp/hard\libc_nano.a(libc_a-exit.o)
                              C:/Users/naray/OneDrive/Documents/STM32CubeIDE_1.15.1/STM32CubeIDE/plugins/com.st.stm32cube.ide.mcu.externaltools.gnu-tools-for-stm32.12.3.rel1.win32_1.0.100.202403111256/tools/bin/../lib/gcc/arm-none-eabi/12.3.1/../../../../arm-none-eabi/lib/thumb/v7e-m+fp/hard/crt0.o (exit)
C:/Users/naray/OneDrive/Documents/STM32CubeIDE_1.15.1/STM32CubeIDE/plugins/com.st.stm32cube.ide.mcu.externaltools.gnu-tools-for-stm32.12.3.rel1.win32_1.0.100.202403111256/tools/bin/../lib/gcc/arm-none-eabi/12.3.1/../../../../arm-none-eabi/lib/thumb/v7e-m+fp/hard\libc_nano.a(libc_a-findfp.o)
                              C:/Users/naray/OneDrive/Documents/STM32CubeIDE_1.15.1/STM32CubeIDE/plugins/com.st.stm32cube.ide.mcu.externaltools.gnu-tools-for-stm32.12.3.rel1.win32_1.0.100.202403111256/tools/bin/../lib/gcc/arm-none-eabi/12.3.1/../../../../arm-none-eabi/lib/thumb/v7e-m+fp/hard\libc_nano.a(libc_a-exit.o) (__stdio_exit_handler)
C:/Users/naray/OneDrive/Documents/STM32CubeIDE_1.15.1/STM32CubeIDE/plugins/com.st.stm32cube.ide.mcu.externaltools.gnu-tools-for-stm32.12.3.rel1.win32_1.0.100.202403111256/tools/bin/../lib/gcc/arm-none-eabi/12.3.1/../../../../arm-none-eabi/lib/thumb/v7e-m+fp/hard\libc_nano.a(libc_a-fwalk.o)
                              C:/Users/naray/OneDrive/Documents/STM32CubeIDE_1.15.1/STM32CubeIDE/plugins/com.st.stm32cube.ide.mcu.externaltools.gnu-tools-for-stm32.12.3.rel1.win32_1.0.100.202403111256/tools/bin/../lib/gcc/arm-none-eabi/12.3.1/../../../../arm-none-eabi/lib/thumb/v7e-m+fp/hard\libc_nano.a(libc_a-findfp.o) (_fwalk_sglue)
C:/Users/naray/OneDrive/Documents/STM32CubeIDE_1.15.1/STM32CubeIDE/plugins/com.st.stm32cube.ide.mcu.externaltools.gnu-tools-for-stm32.12.3.rel1.win32_1.0.100.202403111256/tools/bin/../lib/gcc/arm-none-eabi/12.3.1/../../../../arm-none-eabi/lib/thumb/v7e-m+fp/hard\libc_nano.a(libc_a-stdio.o)
                              C:/Users/naray/OneDrive/Documents/STM32CubeIDE_1.15.1/STM32CubeIDE/plugins/com.st.stm32cube.ide.mcu.externaltools.gnu-tools-for-stm32.12.3.rel1.win32_1.0.100.202403111256/tools/bin/../lib/gcc/arm-none-eabi/12.3.1/../../../../arm-none-eabi/lib/thumb/v7e-m+fp/hard\libc_nano.a(libc_a-findfp.o) (__sread)
C:/Users/naray/OneDrive/Documents/STM32CubeIDE_1.15.1/STM32CubeIDE/plugins/com.st.stm32cube.ide.mcu.externaltools.gnu-tools-for-stm32.12.3.rel1.win32_1.0.100.202403111256/tools/bin/../lib/gcc/arm-none-eabi/12.3.1/../../../../arm-none-eabi/lib/thumb/v7e-m+fp/hard\libc_nano.a(libc_a-memset.o)
                              C:/Users/naray/OneDrive/Documents/STM32CubeIDE_1.15.1/STM32CubeIDE/plugins/com.st.stm32cube.ide.mcu.externaltools.gnu-tools-for-stm32.12.3.rel1.win32_1.0.100.202403111256/tools/bin/../lib/gcc/arm-none-eabi/12.3.1/../../../../arm-none-eabi/lib/thumb/v7e-m+fp/hard/crt0.o (memset)
C:/Users/naray/OneDrive/Documents/STM32CubeIDE_1.15.1/STM32CubeIDE/plugins/com.st.stm32cube.ide.mcu.externaltools.gnu-tools-for-stm32.12.3.rel1.win32_1.0.100.202403111256/tools/bin/../lib/gcc/arm-none-eabi/12.3.1/../../../../arm-none-eabi/lib/thumb/v7e-m+fp/hard\libc_nano.a(libc_a-closer.o)
                              C:/Users/naray/OneDrive/Documents/STM32CubeIDE_1.15.1/STM32CubeIDE/plugins/com.st.stm32cube.ide.mcu.externaltools.gnu-tools-for-stm32.12.3.rel1.win32_1.0.100.202403111256/tools/bin/../lib/gcc/arm-none-eabi/12.3.1/../../../../arm-none-eabi/lib/thumb/v7e-m+fp/hard\libc_nano.a(libc_a-stdio.o) (_close_r)
C:/Users/naray/OneDrive/Documents/STM32CubeIDE_1.15.1/STM32CubeIDE/plugins/com.st.stm32cube.ide.mcu.externaltools.gnu-tools-for-stm32.12.3.rel1.win32_1.0.100.202403111256/tools/bin/../lib/gcc/arm-none-eabi/12.3.1/../../../../arm-none-eabi/lib/thumb/v7e-m+fp/hard\libc_nano.a(libc_a-reent.o)
                              C:/Users/naray/OneDrive/Documents/STM32CubeIDE_1.15.1/STM32CubeIDE/plugins/com.st.stm32cube.ide.mcu.externaltools.gnu-tools-for-stm32.12.3.rel1.win32_1.0.100.202403111256/tools/bin/../lib/gcc/arm-none-eabi/12.3.1/../../../../arm-none-eabi/lib/thumb/v7e-m+fp/hard\libc_nano.a(libc_a-closer.o) (errno)
C:/Users/naray/OneDrive/Documents/STM32CubeIDE_1.15.1/STM32CubeIDE/plugins/com.st.stm32cube.ide.mcu.externaltools.gnu-tools-for-stm32.12.3.rel1.win32_1.0.100.202403111256/tools/bin/../lib/gcc/arm-none-eabi/12.3.1/../../../../arm-none-eabi/lib/thumb/v7e-m+fp/hard\libc_nano.a(libc_a-impure.o)
[...]
Memory Configuration

Name             Origin             Length             Attributes
RAM              0x20000000         0x00018000         xrw
FLASH            0x08000000         0x00080000         xr
*default*        0x00000000         0xffffffff

Linker script and memory map

LOAD C:/Users/naray/OneDrive/Documents/STM32CubeIDE_1.15.1/STM32CubeIDE/plugins/com.st.stm32cube.ide.mcu.externaltools.gnu-tools-for-stm32.12.3.rel1.win32_1.0.100.202403111256/tools/bin/../lib/gcc/arm-none-eabi/12.3.1/thumb/v7e-m+fp/hard/crti.o
LOAD C:/Users/naray/OneDrive/Documents/STM32CubeIDE_1.15.1/STM32CubeIDE/plugins/com.st.stm32cube.ide.mcu.externaltools.gnu-tools-for-stm32.12.3.rel1.win32_1.0.100.202403111256/tools/bin/../lib/gcc/arm-none-eabi/12.3.1/thumb/v7e-m+fp/hard/crtbegin.o
LOAD C:/Users/naray/OneDrive/Documents/STM32CubeIDE_1.15.1/STM32CubeIDE/plugins/com.st.stm32cube.ide.mcu.externaltools.gnu-tools-for-stm32.12.3.rel1.win32_1.0.100.202403111256/tools/bin/../lib/gcc/arm-none-eabi/12.3.1/../../../../arm-none-eabi/lib/thumb/v7e-m+fp/hard/crt0.o
LOAD ./Src/main.o
LOAD ./Src/syscalls.o
LOAD ./Src/sysmem.o
LOAD ./Src/uart_dma.o
LOAD ./Startup/startup_stm32f401retx.o
START GROUP
LOAD C:/Users/naray/OneDrive/Documents/STM32CubeIDE_1.15.1/STM32CubeIDE/plugins/com.st.stm32cube.ide.mcu.externaltools.gnu-tools-for-stm32.12.3.rel1.win32_1.0.100.202403111256/tools/bin/../lib/gcc/arm-none-eabi/12.3.1/../../../../arm-none-eabi/lib/thumb/v7e-m+fp/hard\libc_nano.a
LOAD C:/Users/naray/OneDrive/Documents/STM32CubeIDE_1.15.1/STM32CubeIDE/plugins/com.st.stm32cube.ide.mcu.externaltools.gnu-tools-for-stm32.12.3.rel1.win32_1.0.100.202403111256/tools/bin/../lib/gcc/arm-none-eabi/12.3.1/../../../../arm-none-eabi/lib/thumb/v7e-m+fp/hard\libm.a
END GROUP
START GROUP
LOAD C:/Users/naray/OneDrive/Documents/STM32CubeIDE_1.15.1/STM32CubeIDE/plugins/com.st.stm32cube.ide.mcu.externaltools.gnu-tools-for-stm32.12.3.rel1.win32_1.0.100.202403111256/tools/bin/../lib/gcc/arm-none-eabi/12.3.1/thumb/v7e-m+fp/hard\libgcc.a
LOAD C:/Users/naray/OneDrive/Documents/STM32CubeIDE_1.15.1/STM32CubeIDE/plugins/com.st.stm32cube.ide.mcu.externaltools.gnu-tools-for-stm32.12.3.rel1.win32_1.0.100.202403111256/tools/bin/../lib/gcc/arm-none-eabi/12.3.1/../../../../arm-none-eabi/lib/thumb/v7e-m+fp/hard\libc_nano.a
END GROUP
START GROUP
LOAD C:/Users/naray/OneDrive/Documents/STM32CubeIDE_1.15.1/STM32CubeIDE/plugins/com.st.stm32cube.ide.mcu.externaltools.gnu-tools-for-stm32.12.3.rel1.win32_1.0.100.202403111256/tools/bin/../lib/gcc/arm-none-eabi/12.3.1/thumb/v7e-m+fp/hard\libgcc.a
LOAD C:/Users/naray/OneDrive/Documents/STM32CubeIDE_1.15.1/STM32CubeIDE/plugins/com.st.stm32cube.ide.mcu.externaltools.gnu-tools-for-stm32.12.3.rel1.win32_1.0.100.202403111256/tools/bin/../lib/gcc/arm-none-eabi/12.3.1/../../../../arm-none-eabi/lib/thumb/v7e-m+fp/hard\libc_nano.a
LOAD C:/Users/naray/OneDrive/Documents/STM32CubeIDE_1.15.1/STM32CubeIDE/plugins/com.st.stm32cube.ide.mcu.externaltools.gnu-tools-for-stm32.12.3.rel1.win32_1.0.100.202403111256/tools/bin/../lib/gcc/arm-none-eabi/12.3.1/../../../../arm-none-eabi/lib/thumb/v7e-m+fp/hard\libnosys.a
END GROUP
START GROUP
LOAD C:/Users/naray/OneDrive/Documents/STM32CubeIDE_1.15.1/STM32CubeIDE/plugins/com.st.stm32cube.ide.mcu.externaltools.gnu-tools-for-stm32.12.3.rel1.win32_1.0.100.202403111256/tools/bin/../lib/gcc/arm-none-eabi/12.3.1/thumb/v7e-m+fp/hard\libgcc.a
LOAD C:/Users/naray/OneDrive/Documents/STM32CubeIDE_1.15.1/STM32CubeIDE/plugins/com.st.stm32cube.ide.mcu.externaltools.gnu-tools-for-stm32.12.3.rel1.win32_1.0.100.202403111256/tools/bin/../lib/gcc/arm-none-eabi/12.3.1/../../../../arm-none-eabi/lib/thumb/v7e-m+fp/hard\libc_nano.a
LOAD C:/Users/naray/OneDrive/Documents/STM32CubeIDE_1.15.1/STM32CubeIDE/plugins/com.st.stm32cube.ide.mcu.externaltools.gnu-tools-for-stm32.12.3.rel1.win32_1.0.100.202403111256/tools/bin/../lib/gcc/arm-none-eabi/12.3.1/../../../../arm-none-eabi/lib/thumb/v7e-m+fp/hard\libnosys.a
END GROUP
LOAD C:/Users/naray/OneDrive/Documents/STM32CubeIDE_1.15.1/STM32CubeIDE/plugins/com.st.stm32cube.ide.mcu.externaltools.gnu-tools-for-stm32.12.3.rel1.win32_1.0.100.202403111256/tools/bin/../lib/gcc/arm-none-eabi/12.3.1/thumb/v7e-m+fp/hard/crtend.o
LOAD C:/Users/naray/OneDrive/Documents/STM32CubeIDE_1.15.1/STM32CubeIDE/plugins/com.st.stm32cube.ide.mcu.externaltools.gnu-tools-for-stm32.12.3.rel1.win32_1.0.100.202403111256/tools/bin/../lib/gcc/arm-none-eabi/12.3.1/thumb/v7e-m+fp/hard/crtn.o
                0x20018000                        _estack = (ORIGIN (RAM) + LENGTH (RAM))
                0x00000200                        _Min_Heap_Size = 0x200
                0x00000400                        _Min_Stack_Size = 0x400

.isr_vector     0x08000000      0x194
                0x08000000                        . = ALIGN (0x4)
 *(.isr_vector)
 .isr_vector    0x08000000      0x194 ./Startup/startup_stm32f401retx.o
                0x08000000                g_pfnVectors
                0x08000194                        . = ALIGN (0x4)

.text           0x08000194      0x3b0
                0x08000194                        . = ALIGN (0x4)
 *(.text)
 .text          0x08000194       0x40 C:/Users/naray/OneDrive/Documents/STM32CubeIDE_1.15.1/STM32CubeIDE/plugins/com.st.stm32cube.ide.mcu.externaltools.gnu-tools-for-stm32.12.3.rel1.win32_1.0.100.202403111256/tools/bin/../lib/gcc/arm-none-eabi/12.3.1/thumb/v7e-m+fp/hard/crtbegin.o
 *(.text*)
 .text.DMA_callback
                0x080001d4       0x18 ./Src/main.o
 .text.DMA1_Stream6_IRQHandler
                0x080001ec       0x28 ./Src/main.o
                0x080001ec                DMA1_Stream6_IRQHandler
 .text.main     0x08000214       0x70 ./Src/main.o
                0x08000214                main
 .text.__NVIC_EnableIRQ
                0x08000284       0x3c ./Src/uart_dma.o
 .text.compute_divisor
                0x080002c0       0x26 ./Src/uart_dma.o
 .text.uart_set_baudrate
                0x080002e6       0x24 ./Src/uart_dma.o
 *fill*         0x0800030a        0x2 
 .text.uart2_tx_init
                0x0800030c       0x98 ./Src/uart_dma.o
                0x0800030c                uart2_tx_init
 .text.dma1_stream6_init
                0x080003a4       0xec ./Src/uart_dma.o
                0x080003a4                dma1_stream6_init
 .text.Reset_Handler
                0x08000490       0x50 ./Startup/startup_stm32f401retx.o
                0x08000490                Reset_Handler
 .text.Default_Handler
                0x080004e0        0x2 ./Startup/startup_stm32f401retx.o
                0x080004e0                EXTI2_IRQHandler
                0x080004e0                DebugMon_Handler
                0x080004e0                SPI4_IRQHandler
                0x080004e0                TIM1_CC_IRQHandler
                0x080004e0                DMA2_Stream5_IRQHandler
                0x080004e0                HardFault_Handler
                0x080004e0                DMA1_Stream5_IRQHandler
                0x080004e0                SysTick_Handler
                0x080004e0                SDIO_IRQHandler
                0x080004e0                TAMP_STAMP_IRQHandler
                0x080004e0                PendSV_Handler
                0x080004e0                NMI_Handler
                0x080004e0                EXTI3_IRQHandler
                0x080004e0                TIM1_UP_TIM10_IRQHandler
                0x080004e0                I2C3_ER_IRQHandler
                0x080004e0                EXTI18_OTG_FS_WKUP_IRQHandler
                0x080004e0                EXTI0_IRQHandler
                0x080004e0                I2C2_EV_IRQHandler
                0x080004e0                DMA1_Stream2_IRQHandler
                0x080004e0                UsageFault_Handler
                0x080004e0                DMA2_Stream2_IRQHandler
                0x080004e0                SPI1_IRQHandler
                0x080004e0                TIM1_BRK_TIM9_IRQHandler
                0x080004e0                DMA2_Stream3_IRQHandler
                0x080004e0                USART6_IRQHandler
                0x080004e0                DMA2_Stream0_IRQHandler
                0x080004e0                TIM4_IRQHandler
                0x080004e0                I2C1_EV_IRQHandler
                0x080004e0                DMA1_Stream1_IRQHandler
                0x080004e0                TIM3_IRQHandler
                0x080004e0                RCC_IRQHandler
                0x080004e0                Default_Handler
                0x080004e0                EXTI15_10_IRQHandler
                0x080004e0                ADC_IRQHandler
                0x080004e0                DMA1_Stream7_IRQHandler
                0x080004e0                TIM5_IRQHandler
                0x080004e0                DMA2_Stream7_IRQHandler
                0x080004e0                I2C3_EV_IRQHandler
                0x080004e0                EXTI9_5_IRQHandler
                0x080004e0                SPI2_IRQHandler
                0x080004e0                MemManage_Handler
                0x080004e0                DMA1_Stream0_IRQHandler
                0x080004e0                SVC_Handler
                0x080004e0                EXTI4_IRQHandler
                0x080004e0                EXTI22_RTC_WKUP_IRQHandler
                0x080004e0                TIM2_IRQHandler
                0x080004e0                EXTI16_PVD_IRQHandler
                0x080004e0                TIM1_TRG_COM_TIM11_IRQHandler
                0x080004e0                EXTI1_IRQHandler
                0x080004e0                EXTI17_RTC_Alarm_IRQHandler
                0x080004e0                USART2_IRQHandler
                0x080004e0                I2C2_ER_IRQHandler
                0x080004e0                DMA2_Stream1_IRQHandler
                0x080004e0                FLASH_IRQHandler
                0x080004e0                DMA2_Stream4_IRQHandler
                0x080004e0                BusFault_Handler
                0x080004e0                USART1_IRQHandler
                0x080004e0                OTG_FS_IRQHandler
                0x080004e0                SPI3_IRQHandler
                0x080004e0                DMA1_Stream4_IRQHandler
                0x080004e0                I2C1_ER_IRQHandler
                0x080004e0                DMA2_Stream6_IRQHandler
                0x080004e0                DMA1_Stream3_IRQHandler
 *fill*         0x080004e2        0x2 
 .text.__libc_init_array
                0x080004e4       0x48 C:/Users/naray/OneDrive/Documents/STM32CubeIDE_1.15.1/STM32CubeIDE/plugins/com.st.stm32cube.ide.mcu.externaltools.gnu-tools-for-stm32.12.3.rel1.win32_1.0.100.202403111256/tools/bin/../lib/gcc/arm-none-eabi/12.3.1/../../../../arm-none-eabi/lib/thumb/v7e-m+fp/hard\libc_nano.a(libc_a-init.o)
                0x080004e4                __libc_init_array
 *(.glue_7)
 .glue_7        0x0800052c        0x0 linker stubs
 *(.glue_7t)
 .glue_7t       0x0800052c        0x0 linker stubs
 *(.eh_frame)
 .eh_frame      0x0800052c        0x0 C:/Users/naray/OneDrive/Documents/STM32CubeIDE_1.15.1/STM32CubeIDE/plugins/com.st.stm32cube.ide.mcu.externaltools.gnu-tools-for-stm32.12.3.rel1.win32_1.0.100.202403111256/tools/bin/../lib/gcc/arm-none-eabi/12.3.1/thumb/v7e-m+fp/hard/crtbegin.o
 *(.init)
 .init          0x0800052c        0x4 C:/Users/naray/OneDrive/Documents/STM32CubeIDE_1.15.1/STM32CubeIDE/plugins/com.st.stm32cube.ide.mcu.externaltools.gnu-tools-for-stm32.12.3.rel1.win32_1.0.100.202403111256/tools/bin/../lib/gcc/arm-none-eabi/12.3.1/thumb/v7e-m+fp/hard/crti.o
                0x0800052c                _init
 .init          0x08000530        0x8 C:/Users/naray/OneDrive/Documents/STM32CubeIDE_1.15.1/STM32CubeIDE/plugins/com.st.stm32cube.ide.mcu.externaltools.gnu-tools-for-stm32.12.3.rel1.win32_1.0.100.202403111256/tools/bin/../lib/gcc/arm-none-eabi/12.3.1/thumb/v7e-m+fp/hard/crtn.o
 *(.fini)
 .fini          0x08000538        0x4 C:/Users/naray/OneDrive/Documents/STM32CubeIDE_1.15.1/STM32CubeIDE/plugins/com.st.stm32cube.ide.mcu.externaltools.gnu-tools-for-stm32.12.3.rel1.win32_1.0.100.202403111256/tools/bin/../lib/gcc/arm-none-eabi/12.3.1/thumb/v7e-m+fp/hard/crti.o
                0x08000538                _fini
 .fini          0x0800053c        0x8 C:/Users/naray/OneDrive/Documents/STM32CubeIDE_1.15.1/STM32CubeIDE/plugins/com.st.stm32cube.ide.mcu.externaltools.gnu-tools-for-stm32.12.3.rel1.win32_1.0.100.202403111256/tools/bin/../lib/gcc/arm-none-eabi/12.3.1/thumb/v7e-m+fp/hard/crtn.o
                0x08000544                        . = ALIGN (0x4)
                0x08000544                        _etext = .

.vfp11_veneer   0x08000544        0x0
 .vfp11_veneer  0x08000544        0x0 linker stubs

.v4_bx          0x08000544        0x0
 .v4_bx         0x08000544        0x0 linker stubs

.iplt           0x08000544        0x0
 .iplt          0x08000544        0x0 C:/Users/naray/OneDrive/Documents/STM32CubeIDE_1.15.1/STM32CubeIDE/plugins/com.st.stm32cube.ide.mcu.externaltools.gnu-tools-for-stm32.12.3.rel1.win32_1.0.100.202403111256/tools/bin/../lib/gcc/arm-none-eabi/12.3.1/thumb/v7e-m+fp/hard/crtbegin.o

.rodata         0x08000544       0x20
                0x08000544                        . = ALIGN (0x4)
 *(.rodata)
 .rodata        0x08000544       0x1f ./Src/main.o
 *(.rodata*)
                0x08000564                        . = ALIGN (0x4)
 *fill*         0x08000563        0x1 

.ARM.extab      0x08000564        0x0
                0x08000564                        . = ALIGN (0x4)
 *(.ARM.extab* .gnu.linkonce.armextab.*)
                0x08000564                        . = ALIGN (0x4)

.ARM            0x08000564        0x0
                0x08000564                        . = ALIGN (0x4)
                0x08000564                        __exidx_start = .
 *(.ARM.exidx*)
                0x08000564                        __exidx_end = .
                0x08000564                        . = ALIGN (0x4)

.preinit_array  0x08000564        0x0
                0x08000564                        . = ALIGN (0x4)
                0x08000564                        PROVIDE (__preinit_array_start = .)
 *(.preinit_array*)
                0x08000564                        PROVIDE (__preinit_array_end = .)
                0x08000564                        . = ALIGN (0x4)

.init_array     0x08000564        0x4
                0x08000564                        . = ALIGN (0x4)
                0x08000564                        PROVIDE (__init_array_start = .)
 *(SORT_BY_NAME(.init_array.*))
 *(.init_array*)
 .init_array    0x08000564        0x4 C:/Users/naray/OneDrive/Documents/STM32CubeIDE_1.15.1/STM32CubeIDE/plugins/com.st.stm32cube.ide.mcu.externaltools.gnu-tools-for-stm32.12.3.rel1.win32_1.0.100.202403111256/tools/bin/../lib/gcc/arm-none-eabi/12.3.1/thumb/v7e-m+fp/hard/crtbegin.o
                0x08000568                        PROVIDE (__init_array_end = .)
                0x08000568                        . = ALIGN (0x4)

.fini_array     0x08000568        0x4
                0x08000568                        . = ALIGN (0x4)
                [!provide]                        PROVIDE (__fini_array_start = .)
 *(SORT_BY_NAME(.fini_array.*))
 *(.fini_array*)
 .fini_array    0x08000568        0x4 C:/Users/naray/OneDrive/Documents/STM32CubeIDE_1.15.1/STM32CubeIDE/plugins/com.st.stm32cube.ide.mcu.externaltools.gnu-tools-for-stm32.12.3.rel1.win32_1.0.100.202403111256/tools/bin/../lib/gcc/arm-none-eabi/12.3.1/thumb/v7e-m+fp/hard/crtbegin.o
                [!provide]                        PROVIDE (__fini_array_end = .)
                0x0800056c                        . = ALIGN (0x4)
                0x0800056c                        _sidata = LOADADDR (.data)

.rel.dyn        0x0800056c        0x0
 .rel.iplt      0x0800056c        0x0 C:/Users/naray/OneDrive/Documents/STM32CubeIDE_1.15.1/STM32CubeIDE/plugins/com.st.stm32cube.ide.mcu.externaltools.gnu-tools-for-stm32.12.3.rel1.win32_1.0.100.202403111256/tools/bin/../lib/gcc/arm-none-eabi/12.3.1/thumb/v7e-m+fp/hard/crtbegin.o

.data           0x20000000        0x0 load address 0x0800056c
                0x20000000                        . = ALIGN (0x4)
                0x20000000                        _sdata = .
 *(.data)
 *(.data*)
 *(.RamFunc)
 *(.RamFunc*)
                0x20000000                        . = ALIGN (0x4)
                0x20000000                        _edata = .

.igot.plt       0x20000000        0x0 load address 0x0800056c
 .igot.plt      0x20000000        0x0 C:/Users/naray/OneDrive/Documents/STM32CubeIDE_1.15.1/STM32CubeIDE/plugins/com.st.stm32cube.ide.mcu.externaltools.gnu-tools-for-stm32.12.3.rel1.win32_1.0.100.202403111256/tools/bin/../lib/gcc/arm-none-eabi/12.3.1/thumb/v7e-m+fp/hard/crtbegin.o
                0x20000000                        . = ALIGN (0x4)

.bss            0x20000000       0x1c load address 0x0800056c
                0x20000000                        _sbss = .
                0x20000000                        __bss_start__ = _sbss
 *(.bss)
 .bss           0x20000000       0x1c C:/Users/naray/OneDrive/Documents/STM32CubeIDE_1.15.1/STM32CubeIDE/plugins/com.st.stm32cube.ide.mcu.externaltools.gnu-tools-for-stm32.12.3.rel1.win32_1.0.100.202403111256/tools/bin/../lib/gcc/arm-none-eabi/12.3.1/thumb/v7e-m+fp/hard/crtbegin.o
 *(.bss*)
 *(COMMON)
                0x2000001c                        . = ALIGN (0x4)
                0x2000001c                        _ebss = .
                0x2000001c                        __bss_end__ = _ebss

._user_heap_stack
                0x2000001c      0x604 load address 0x0800056c
                0x20000020                        . = ALIGN (0x8)
 *fill*         0x2000001c        0x4 
                [!provide]                        PROVIDE (end = .)
                0x20000020                        PROVIDE (_end = .)
                0x20000220                        . = (. + _Min_Heap_Size)
 *fill*         0x20000020      0x200 
                0x20000620                        . = (. + _Min_Stack_Size)
 *fill*         0x20000220      0x400 
                0x20000620                        . = ALIGN (0x8)

/DISCARD/
 libc.a(*)
 libm.a(*)
 libgcc.a(*)

.ARM.attributes
                0x00000000       0x30
 *(.ARM.attributes)
 .ARM.attributes
                0x00000000       0x22 C:/Users/naray/OneDrive/Documents/STM32CubeIDE_1.15.1/STM32CubeIDE/plugins/com.st.stm32cube.ide.mcu.externaltools.gnu-tools-for-stm32.12.3.rel1.win32_1.0.100.202403111256/tools/bin/../lib/gcc/arm-none-eabi/12.3.1/thumb/v7e-m+fp/hard/crti.o
 .ARM.attributes
                0x00000022       0x34 C:/Users/naray/OneDrive/Documents/STM32CubeIDE_1.15.1/STM32CubeIDE/plugins/com.st.stm32cube.ide.mcu.externaltools.gnu-tools-for-stm32.12.3.rel1.win32_1.0.100.202403111256/tools/bin/../lib/gcc/arm-none-eabi/12.3.1/thumb/v7e-m+fp/hard/crtbegin.o
 .ARM.attributes
                0x00000056       0x34 ./Src/main.o
 .ARM.attributes
                0x0000008a       0x34 ./Src/uart_dma.o
 .ARM.attributes
                0x000000be       0x21 ./Startup/startup_stm32f401retx.o
 .ARM.attributes
                0x000000df       0x34 C:/Users/naray/OneDrive/Documents/STM32CubeIDE_1.15.1/STM32CubeIDE/plugins/com.st.stm32cube.ide.mcu.externaltools.gnu-tools-for-stm32.12.3.rel1.win32_1.0.100.202403111256/tools/bin/../lib/gcc/arm-none-eabi/12.3.1/../../../../arm-none-eabi/lib/thumb/v7e-m+fp/hard\libc_nano.a(libc_a-init.o)
 .ARM.attributes
                0x00000113       0x22 C:/Users/naray/OneDrive/Documents/STM32CubeIDE_1.15.1/STM32CubeIDE/plugins/com.st.stm32cube.ide.mcu.externaltools.gnu-tools-for-stm32.12.3.rel1.win32_1.0.100.202403111256/tools/bin/../lib/gcc/arm-none-eabi/12.3.1/thumb/v7e-m+fp/hard/crtn.o
OUTPUT(9_UART_DMA.elf elf32-littlearm)
LOAD linker stubs
LOAD C:/Users/naray/OneDrive/Documents/STM32CubeIDE_1.15.1/STM32CubeIDE/plugins/com.st.stm32cube.ide.mcu.externaltools.gnu-tools-for-stm32.12.3.rel1.win32_1.0.100.202403111256/tools/bin/../lib/gcc/arm-none-eabi/12.3.1/../../../../arm-none-eabi/lib/thumb/v7e-m+fp/hard\libc.a
LOAD C:/Users/naray/OneDrive/Documents/STM32CubeIDE_1.15.1/STM32CubeIDE/plugins/com.st.stm32cube.ide.mcu.externaltools.gnu-tools-for-stm32.12.3.rel1.win32_1.0.100.202403111256/tools/bin/../lib/gcc/arm-none-eabi/12.3.1/../../../../arm-none-eabi/lib/thumb/v7e-m+fp/hard\libm.a
LOAD C:/Users/naray/OneDrive/Documents/STM32CubeIDE_1.15.1/STM32CubeIDE/plugins/com.st.stm32cube.ide.mcu.externaltools.gnu-tools-for-stm32.12.3.rel1.win32_1.0.100.202403111256/tools/bin/../lib/gcc/arm-none-eabi/12.3.1/thumb/v7e-m+fp/hard\libgcc.a

.debug_info     0x00000000      0xc67
 .debug_info    0x00000000      0x40e ./Src/main.o
 .debug_info    0x0000040e      0x829 ./Src/uart_dma.o
 .debug_info    0x00000c37       0x30 ./Startup/startup_stm32f401retx.o

.debug_abbrev   0x00000000      0x35c
 .debug_abbrev  0x00000000      0x149 ./Src/main.o
 .debug_abbrev  0x00000149      0x1ef ./Src/uart_dma.o
 .debug_abbrev  0x00000338       0x24 ./Startup/startup_stm32f401retx.o

.debug_aranges  0x00000000       0x98
 .debug_aranges
                0x00000000       0x30 ./Src/main.o
 .debug_aranges
                0x00000030       0x40 ./Src/uart_dma.o
 .debug_aranges
                0x00000070       0x28 ./Startup/startup_stm32f401retx.o

.debug_rnglists
                0x00000000       0x65
 .debug_rnglists
                0x00000000       0x1f ./Src/main.o
 .debug_rnglists
                0x0000001f       0x2d ./Src/uart_dma.o
 .debug_rnglists
                0x0000004c       0x19 ./Startup/startup_stm32f401retx.o

.debug_macro    0x00000000     0xea97
 .debug_macro   0x00000000      0x1c6 ./Src/main.o
 .debug_macro   0x000001c6      0xac6 ./Src/main.o
 .debug_macro   0x00000c8c       0x22 ./Src/main.o
 .debug_macro   0x00000cae       0x5b ./Src/main.o
 .debug_macro   0x00000d09       0x2a ./Src/main.o
 .debug_macro   0x00000d33       0x94 ./Src/main.o
 .debug_macro   0x00000dc7       0x43 ./Src/main.o
 .debug_macro   0x00000e0a       0x34 ./Src/main.o
 .debug_macro   0x00000e3e       0x16 ./Src/main.o
 .debug_macro   0x00000e54       0x57 ./Src/main.o
 .debug_macro   0x00000eab       0x9e ./Src/main.o
 .debug_macro   0x00000f49      0x369 ./Src/main.o
 .debug_macro   0x000012b2      0x10b ./Src/main.o
 .debug_macro   0x000013bd       0x10 ./Src/main.o
 .debug_macro   0x000013cd       0x16 ./Src/main.o
 .debug_macro   0x000013e3       0x43 ./Src/main.o
 .debug_macro   0x00001426       0x34 ./Src/main.o
 .debug_macro   0x0000145a       0x10 ./Src/main.o
 .debug_macro   0x0000146a       0x58 ./Src/main.o
 .debug_macro   0x000014c2       0x8e ./Src/main.o
 .debug_macro   0x00001550       0x1c ./Src/main.o
 .debug_macro   0x0000156c      0x177 ./Src/main.o
 .debug_macro   0x000016e3       0x16 ./Src/main.o
 .debug_macro   0x000016f9       0x16 ./Src/main.o
 .debug_macro   0x0000170f      0x146 ./Src/main.o
 .debug_macro   0x00001855       0x28 ./Src/main.o
 .debug_macro   0x0000187d       0x28 ./Src/main.o
 .debug_macro   0x000018a5      0x103 ./Src/main.o
 .debug_macro   0x000019a8       0x6a ./Src/main.o
 .debug_macro   0x00001a12      0x1df ./Src/main.o
 .debug_macro   0x00001bf1       0x1c ./Src/main.o
 .debug_macro   0x00001c0d       0x22 ./Src/main.o
 .debug_macro   0x00001c2f       0xfb ./Src/main.o
 .debug_macro   0x00001d2a     0x1011 ./Src/main.o
 .debug_macro   0x00002d3b      0x11f ./Src/main.o
 .debug_macro   0x00002e5a     0xb86c ./Src/main.o
 .debug_macro   0x0000e6c6       0x6d ./Src/main.o
 .debug_macro   0x0000e733       0x10 ./Src/main.o
 .debug_macro   0x0000e743      0x214 ./Src/uart_dma.o
 .debug_macro   0x0000e957       0x8e ./Src/uart_dma.o
 .debug_macro   0x0000e9e5       0x51 ./Src/uart_dma.o
 .debug_macro   0x0000ea36       0x61 ./Src/uart_dma.o

.debug_line     0x00000000      0xf89
 .debug_line    0x00000000      0x70a ./Src/main.o
 .debug_line    0x0000070a      0x804 ./Src/uart_dma.o
 .debug_line    0x00000f0e       0x7b ./Startup/startup_stm32f401retx.o

.debug_str      0x00000000    0x537da
 .debug_str     0x00000000    0x531e7 ./Src/main.o
                              0x533d7 (size before relaxing)
 .debug_str     0x000531e7      0x564 ./Src/uart_dma.o
                              0x538fa (size before relaxing)
 .debug_str     0x0005374b       0x8f ./Startup/startup_stm32f401retx.o

.comment        0x00000000       0x43
 .comment       0x00000000       0x43 ./Src/main.o
                                 0x44 (size before relaxing)
 .comment       0x00000043       0x44 ./Src/uart_dma.o

.debug_frame    0x00000000      0x160
 .debug_frame   0x00000000       0x70 ./Src/main.o
 .debug_frame   0x00000070       0xc4 ./Src/uart_dma.o
 .debug_frame   0x00000134       0x2c C:/Users/naray/OneDrive/Documents/STM32CubeIDE_1.15.1/STM32CubeIDE/plugins/com.st.stm32cube.ide.mcu.externaltools.gnu-tools-for-stm32.12.3.rel1.win32_1.0.100.202403111256/tools/bin/../lib/gcc/arm-none-eabi/12.3.1/../../../../arm-none-eabi/lib/thumb/v7e-m+fp/hard\libc_nano.a(libc_a-init.o)

.debug_line_str
                0x00000000       0x73
 .debug_line_str
                0x00000000       0x73 ./Startup/startup_stm32f401retx.o
